// Jest Snapshot v1, https://goo.gl/fbAQLP

exports[`SettingsPanel renders the tree consistently 1`] = `
<a-entity>
  <span />
  <span />
  <span />
  <span />
  <span />
  <span />
  <span />
  <span />
</a-entity>
`;
